=========================================
QUICKNOTE - BUILD OUTPUT REPORT
=========================================
Status: SUCCESS
Version: 4.1 (versionCode: 5)
Application ID: com.msi.quicknote
Compiler Target: Android SDK 34 (Compiled on SDK 34 with Edge-To-Edge displays)

Build Artifacts:
- Compiled Debug Binary: /app/build/outputs/apk/debug/app-debug.apk
- Metadata Configuration: /app/build/outputs/apk/debug/output-metadata.json

Key Components Modified:
1. True edge-to-edge system drawing with WindowCompat decor fit set to false.
2. Floating Action Button Multi-note Dropdown Menu selectors (Text, Markdown, Sketch).
3. Highly polished, fully responsive, and native MarkdownRenderer.
4. RichTextEditorSuite supporting Bold, Italic, Underline, Strikethroughs, lists, sizes, and fonts.
5. High-precision vector Drawing Canvas with undo and redo buffers that compiles sketch entries to transparent PNG file drawings in internal storage.
6. Unified master-detail resizable layout for landscape visual tablets.
7. Advanced fallback and biometric vaults locks.
=========================================
